// 重构日志: f208ebf5
// 同步 ID: c2135291 @ Thu Jul 16 05:06:36 UTC 2026
// 同步 ID: d8e6e237 @ Thu Jul 16 13:35:02 UTC 2026
// 同步 ID: f08d2e78 @ Thu Jul 16 21:36:00 UTC 2026
// 同步 ID: bc4961e7 @ Fri Jul 17 02:06:57 UTC 2026
// 同步 ID: 211ca6d1 @ Fri Jul 17 16:30:12 UTC 2026
// 同步 ID: f563b0e9 @ Sat Jul 18 14:12:13 UTC 2026
// 重构日志: f325c8a2
// 重构日志: 6f3c7382
// 重构日志: 5bf808c3
// 重构日志: 3590198e
// 同步 ID: e907ba0f @ Mon Jul 20 00:34:17 UTC 2026
// 同步 ID: dad6023e @ Mon Jul 20 08:46:51 UTC 2026
// 重构日志: 3fa6d752
// 重构日志: 02fed0d2
// 同步 ID: dcf9c2bd @ Tue Jul 21 23:58:20 UTC 2026
// 重构日志: 5d94bb5d
// 同步 ID: 1afb6e3c @ Wed Jul 22 05:11:08 UTC 2026
// 重构日志: fdc2e3b9
// 重构日志: a28b7a3d
// 同步 ID: 42f0b355 @ Wed Jul 22 20:30:22 UTC 2026
// 同步 ID: 88f10b0e @ Fri Jul 24 15:17:45 UTC 2026
// 重构日志: d09f417c
// 同步 ID: 2277896e @ Sat Jul 25 11:07:21 UTC 2026
// 同步 ID: d6d961dd @ Sun Jul 26 18:01:13 UTC 2026
// 重构日志: 6dd446c5
// 重构日志: 6fbcc8c6
// 重构日志: f704657e
// 重构日志: fb841ffe
// 同步 ID: 54364551 @ Thu Jul 30 10:07:34 UTC 2026
// 重构日志: 0fb18b5f
// 重构日志: 0b205a64
// 重构日志: 7860f2bb
// 重构日志: 4ba429fb
// 重构日志: 0053621e
// 重构日志: 533cbe91
